mode: atomic
github.com/Donking-36/container-log-platform/cmd/log-producer/config.go:29.19,36.59 2 9
github.com/Donking-36/container-log-platform/cmd/log-producer/config.go:36.59,38.3 1 3
github.com/Donking-36/container-log-platform/cmd/log-producer/config.go:38.8,40.17 2 6
github.com/Donking-36/container-log-platform/cmd/log-producer/config.go:40.17,45.4 1 0
github.com/Donking-36/container-log-platform/cmd/log-producer/config.go:47.3,47.41 1 6
github.com/Donking-36/container-log-platform/cmd/log-producer/config.go:50.2,50.61 1 9
github.com/Donking-36/container-log-platform/cmd/log-producer/config.go:50.61,52.3 1 2
github.com/Donking-36/container-log-platform/cmd/log-producer/config.go:54.2,54.61 1 9
github.com/Donking-36/container-log-platform/cmd/log-producer/config.go:54.61,58.17 2 3
github.com/Donking-36/container-log-platform/cmd/log-producer/config.go:58.17,63.4 1 1
github.com/Donking-36/container-log-platform/cmd/log-producer/config.go:65.3,65.26 1 2
github.com/Donking-36/container-log-platform/cmd/log-producer/config.go:68.2,68.59 1 8
github.com/Donking-36/container-log-platform/cmd/log-producer/config.go:68.59,74.17 2 3
github.com/Donking-36/container-log-platform/cmd/log-producer/config.go:74.17,79.4 1 1
github.com/Donking-36/container-log-platform/cmd/log-producer/config.go:81.3,81.22 1 2
github.com/Donking-36/container-log-platform/cmd/log-producer/config.go:84.2,84.39 1 7
github.com/Donking-36/container-log-platform/cmd/log-producer/config.go:84.39,89.3 1 5
github.com/Donking-36/container-log-platform/cmd/log-producer/config.go:91.2,91.17 1 2
github.com/Donking-36/container-log-platform/cmd/log-producer/config.go:94.34,95.38 1 10
github.com/Donking-36/container-log-platform/cmd/log-producer/config.go:95.38,97.3 1 1
github.com/Donking-36/container-log-platform/cmd/log-producer/config.go:99.2,99.45 1 9
github.com/Donking-36/container-log-platform/cmd/log-producer/config.go:99.45,103.3 1 1
github.com/Donking-36/container-log-platform/cmd/log-producer/config.go:105.2,105.40 1 8
github.com/Donking-36/container-log-platform/cmd/log-producer/config.go:105.40,107.3 1 1
github.com/Donking-36/container-log-platform/cmd/log-producer/config.go:109.2,109.21 1 7
github.com/Donking-36/container-log-platform/cmd/log-producer/config.go:109.21,113.3 1 1
github.com/Donking-36/container-log-platform/cmd/log-producer/config.go:115.2,115.18 1 6
github.com/Donking-36/container-log-platform/cmd/log-producer/config.go:115.18,119.3 1 1
github.com/Donking-36/container-log-platform/cmd/log-producer/config.go:121.2,121.12 1 5
github.com/Donking-36/container-log-platform/cmd/log-producer/main.go:12.13,13.34 1 0
github.com/Donking-36/container-log-platform/cmd/log-producer/main.go:13.34,20.3 2 0
github.com/Donking-36/container-log-platform/cmd/log-producer/main.go:23.22,25.16 2 0
github.com/Donking-36/container-log-platform/cmd/log-producer/main.go:25.16,27.3 1 0
github.com/Donking-36/container-log-platform/cmd/log-producer/main.go:29.2,42.3 3 0
github.com/Donking-36/container-log-platform/cmd/log-producer/producer.go:29.9,30.39 1 3
github.com/Donking-36/container-log-platform/cmd/log-producer/producer.go:30.39,35.3 1 0
github.com/Donking-36/container-log-platform/cmd/log-producer/producer.go:37.2,37.19 1 3
github.com/Donking-36/container-log-platform/cmd/log-producer/producer.go:37.19,41.3 1 0
github.com/Donking-36/container-log-platform/cmd/log-producer/producer.go:43.2,43.19 1 3
github.com/Donking-36/container-log-platform/cmd/log-producer/producer.go:43.19,47.3 1 0
github.com/Donking-36/container-log-platform/cmd/log-producer/producer.go:49.2,49.16 1 3
github.com/Donking-36/container-log-platform/cmd/log-producer/producer.go:49.16,53.3 1 0
github.com/Donking-36/container-log-platform/cmd/log-producer/producer.go:55.2,58.16 1 3
github.com/Donking-36/container-log-platform/cmd/log-producer/producer.go:58.16,63.3 1 0
github.com/Donking-36/container-log-platform/cmd/log-producer/producer.go:65.2,70.16 2 3
github.com/Donking-36/container-log-platform/cmd/log-producer/producer.go:70.16,75.3 1 0
github.com/Donking-36/container-log-platform/cmd/log-producer/producer.go:76.2,82.41 5 3
github.com/Donking-36/container-log-platform/cmd/log-producer/producer.go:82.41,83.10 1 102
github.com/Donking-36/container-log-platform/cmd/log-producer/producer.go:84.21,85.28 1 0
github.com/Donking-36/container-log-platform/cmd/log-producer/producer.go:86.11,86.11 0 102
github.com/Donking-36/container-log-platform/cmd/log-producer/producer.go:89.3,101.17 2 102
github.com/Donking-36/container-log-platform/cmd/log-producer/producer.go:101.17,103.4 1 0
github.com/Donking-36/container-log-platform/cmd/log-producer/producer.go:105.3,105.38 1 102
github.com/Donking-36/container-log-platform/cmd/log-producer/producer.go:105.38,119.18 2 20
github.com/Donking-36/container-log-platform/cmd/log-producer/producer.go:119.18,121.5 1 0
github.com/Donking-36/container-log-platform/cmd/log-producer/producer.go:124.3,134.17 1 102
github.com/Donking-36/container-log-platform/cmd/log-producer/producer.go:134.17,136.4 1 0
github.com/Donking-36/container-log-platform/cmd/log-producer/producer.go:138.3,138.47 1 102
github.com/Donking-36/container-log-platform/cmd/log-producer/producer.go:138.47,140.4 1 3
github.com/Donking-36/container-log-platform/cmd/log-producer/producer.go:142.3,143.10 2 99
github.com/Donking-36/container-log-platform/cmd/log-producer/producer.go:144.21,145.21 1 0
github.com/Donking-36/container-log-platform/cmd/log-producer/producer.go:145.21,147.5 1 0
github.com/Donking-36/container-log-platform/cmd/log-producer/producer.go:148.4,148.28 1 0
github.com/Donking-36/container-log-platform/cmd/log-producer/producer.go:149.18,149.18 0 99
github.com/Donking-36/container-log-platform/cmd/log-producer/producer.go:160.12,179.2 1 224
github.com/Donking-36/container-log-platform/cmd/log-producer/producer.go:185.9,186.46 1 224
github.com/Donking-36/container-log-platform/cmd/log-producer/producer.go:186.46,192.3 1 0
github.com/Donking-36/container-log-platform/cmd/log-producer/producer.go:194.2,194.12 1 224
github.com/Donking-36/container-log-platform/cmd/log-producer/producer.go:197.39,198.36 1 3
github.com/Donking-36/container-log-platform/cmd/log-producer/producer.go:198.36,203.3 1 0
github.com/Donking-36/container-log-platform/cmd/log-producer/producer.go:205.2,205.12 1 3
github.com/Donking-36/container-log-platform/internal/ingestion/event_id.go:33.19,35.16 2 121
github.com/Donking-36/container-log-platform/internal/ingestion/event_id.go:35.16,37.3 1 1
github.com/Donking-36/container-log-platform/internal/ingestion/event_id.go:39.2,40.16 2 120
github.com/Donking-36/container-log-platform/internal/ingestion/event_id.go:40.16,45.3 1 0
github.com/Donking-36/container-log-platform/internal/ingestion/event_id.go:47.2,51.37 2 120
github.com/Donking-36/container-log-platform/internal/ingestion/event_id.go:56.16,57.32 1 121
github.com/Donking-36/container-log-platform/internal/ingestion/event_id.go:57.32,58.26 1 9
github.com/Donking-36/container-log-platform/internal/ingestion/event_id.go:58.26,62.4 1 0
github.com/Donking-36/container-log-platform/internal/ingestion/event_id.go:64.3,64.33 1 9
github.com/Donking-36/container-log-platform/internal/ingestion/event_id.go:64.33,68.4 1 0
github.com/Donking-36/container-log-platform/internal/ingestion/event_id.go:70.3,74.9 1 9
github.com/Donking-36/container-log-platform/internal/ingestion/event_id.go:77.2,77.25 1 112
github.com/Donking-36/container-log-platform/internal/ingestion/event_id.go:77.25,81.3 1 1
github.com/Donking-36/container-log-platform/internal/ingestion/event_id.go:83.2,83.50 1 111
github.com/Donking-36/container-log-platform/internal/ingestion/event_id.go:83.50,87.3 1 0
github.com/Donking-36/container-log-platform/internal/ingestion/event_id.go:89.2,89.28 1 111
github.com/Donking-36/container-log-platform/internal/ingestion/event_id.go:89.28,93.3 1 0
github.com/Donking-36/container-log-platform/internal/ingestion/event_id.go:95.2,95.26 1 111
github.com/Donking-36/container-log-platform/internal/ingestion/event_id.go:95.26,99.3 1 0
github.com/Donking-36/container-log-platform/internal/ingestion/event_id.go:101.2,101.22 1 111
github.com/Donking-36/container-log-platform/internal/ingestion/event_id.go:102.26,104.29 1 110
github.com/Donking-36/container-log-platform/internal/ingestion/event_id.go:104.29,109.4 1 0
github.com/Donking-36/container-log-platform/internal/ingestion/event_id.go:110.14,110.14 0 1
github.com/Donking-36/container-log-platform/internal/ingestion/event_id.go:111.10,115.4 1 0
github.com/Donking-36/container-log-platform/internal/ingestion/event_id.go:118.2,118.29 1 111
github.com/Donking-36/container-log-platform/internal/ingestion/event_id.go:118.29,122.3 1 0
github.com/Donking-36/container-log-platform/internal/ingestion/event_id.go:124.2,124.25 1 111
github.com/Donking-36/container-log-platform/internal/ingestion/event_id.go:124.25,128.3 1 0
github.com/Donking-36/container-log-platform/internal/ingestion/event_id.go:130.2,131.30 2 111
github.com/Donking-36/container-log-platform/internal/ingestion/event_id.go:131.30,133.3 1 110
github.com/Donking-36/container-log-platform/internal/ingestion/event_id.go:135.2,146.8 1 111
github.com/Donking-36/container-log-platform/internal/ingestion/normalize.go:27.42,29.2 1 1
github.com/Donking-36/container-log-platform/internal/ingestion/normalize.go:35.28,36.26 1 29
github.com/Donking-36/container-log-platform/internal/ingestion/normalize.go:36.26,40.3 1 0
github.com/Donking-36/container-log-platform/internal/ingestion/normalize.go:42.2,43.25 2 29
github.com/Donking-36/container-log-platform/internal/ingestion/normalize.go:43.25,48.3 1 1
github.com/Donking-36/container-log-platform/internal/ingestion/normalize.go:50.2,51.19 2 28
github.com/Donking-36/container-log-platform/internal/ingestion/normalize.go:51.19,56.3 1 1
github.com/Donking-36/container-log-platform/internal/ingestion/normalize.go:59.2,59.25 1 27
github.com/Donking-36/container-log-platform/internal/ingestion/normalize.go:59.25,64.3 1 2
github.com/Donking-36/container-log-platform/internal/ingestion/normalize.go:67.2,67.49 1 25
github.com/Donking-36/container-log-platform/internal/ingestion/normalize.go:67.49,75.3 1 2
github.com/Donking-36/container-log-platform/internal/ingestion/normalize.go:77.2,78.16 2 23
github.com/Donking-36/container-log-platform/internal/ingestion/normalize.go:79.34,79.34 0 21
github.com/Donking-36/container-log-platform/internal/ingestion/normalize.go:80.10,84.4 1 2
github.com/Donking-36/container-log-platform/internal/ingestion/normalize.go:87.2,88.24 2 21
github.com/Donking-36/container-log-platform/internal/ingestion/normalize.go:88.24,93.3 1 1
github.com/Donking-36/container-log-platform/internal/ingestion/normalize.go:94.2,94.53 1 20
github.com/Donking-36/container-log-platform/internal/ingestion/normalize.go:94.53,99.3 1 4
github.com/Donking-36/container-log-platform/internal/ingestion/normalize.go:100.2,104.16 2 16
github.com/Donking-36/container-log-platform/internal/ingestion/normalize.go:104.16,109.3 1 0
github.com/Donking-36/container-log-platform/internal/ingestion/normalize.go:111.2,111.52 1 16
github.com/Donking-36/container-log-platform/internal/ingestion/normalize.go:111.52,116.3 1 1
github.com/Donking-36/container-log-platform/internal/ingestion/normalize.go:118.2,126.26 6 15
github.com/Donking-36/container-log-platform/internal/ingestion/normalize.go:126.26,127.20 1 6
github.com/Donking-36/container-log-platform/internal/ingestion/normalize.go:127.20,132.4 1 1
github.com/Donking-36/container-log-platform/internal/ingestion/normalize.go:134.3,134.21 1 5
github.com/Donking-36/container-log-platform/internal/ingestion/normalize.go:134.21,139.4 1 1
github.com/Donking-36/container-log-platform/internal/ingestion/normalize.go:141.3,141.23 1 4
github.com/Donking-36/container-log-platform/internal/ingestion/normalize.go:141.23,146.4 1 1
github.com/Donking-36/container-log-platform/internal/ingestion/normalize.go:148.3,149.23 1 3
github.com/Donking-36/container-log-platform/internal/ingestion/normalize.go:149.23,154.4 1 1
github.com/Donking-36/container-log-platform/internal/ingestion/normalize.go:157.2,158.16 2 11
github.com/Donking-36/container-log-platform/internal/ingestion/normalize.go:158.16,160.3 1 1
github.com/Donking-36/container-log-platform/internal/ingestion/normalize.go:162.2,175.8 1 10
github.com/Donking-36/container-log-platform/internal/ingestion/normalize.go:178.42,181.15 2 10
github.com/Donking-36/container-log-platform/internal/ingestion/normalize.go:182.40,183.15 1 8
github.com/Donking-36/container-log-platform/internal/ingestion/normalize.go:184.10,185.19 1 2
github.com/Donking-36/container-log-platform/internal/ingestion/normalize.go:191.20,195.40 2 11
github.com/Donking-36/container-log-platform/internal/ingestion/normalize.go:195.40,197.3 1 9
github.com/Donking-36/container-log-platform/internal/ingestion/normalize.go:199.2,200.56 2 2
github.com/Donking-36/container-log-platform/internal/ingestion/normalize.go:200.56,205.3 1 1
github.com/Donking-36/container-log-platform/internal/ingestion/normalize.go:207.2,208.25 2 1
github.com/Donking-36/container-log-platform/internal/ingestion/normalize.go:211.43,213.19 2 45
github.com/Donking-36/container-log-platform/internal/ingestion/normalize.go:213.19,215.3 1 26
github.com/Donking-36/container-log-platform/internal/ingestion/normalize.go:217.2,217.17 1 19
github.com/Donking-36/container-log-platform/internal/ingestion/normalize.go:220.41,221.18 1 19
github.com/Donking-36/container-log-platform/internal/ingestion/normalize.go:221.18,223.3 1 12
github.com/Donking-36/container-log-platform/internal/ingestion/normalize.go:226.2,227.16 2 7
github.com/Donking-36/container-log-platform/internal/ingestion/normalize.go:230.54,235.2 1 19
github.com/Donking-36/container-log-platform/internal/ingestion/prepare.go:15.22,16.25 1 6
github.com/Donking-36/container-log-platform/internal/ingestion/prepare.go:16.25,20.3 1 1
github.com/Donking-36/container-log-platform/internal/ingestion/prepare.go:22.2,26.16 2 5
github.com/Donking-36/container-log-platform/internal/ingestion/prepare.go:26.16,31.3 1 1
github.com/Donking-36/container-log-platform/internal/ingestion/prepare.go:33.2,34.16 2 4
github.com/Donking-36/container-log-platform/internal/ingestion/prepare.go:34.16,39.3 1 0
github.com/Donking-36/container-log-platform/internal/ingestion/prepare.go:41.2,65.8 1 4
github.com/Donking-36/container-log-platform/internal/ingestion/prepare.go:68.48,69.18 1 16
github.com/Donking-36/container-log-platform/internal/ingestion/prepare.go:69.18,71.3 1 9
github.com/Donking-36/container-log-platform/internal/ingestion/prepare.go:73.2,74.16 2 7
github.com/Donking-36/container-log-platform/internal/config/config.go:27.23,41.2 1 17
github.com/Donking-36/container-log-platform/internal/config/config.go:44.29,61.16 9 8
github.com/Donking-36/container-log-platform/internal/config/config.go:61.16,63.3 1 1
github.com/Donking-36/container-log-platform/internal/config/config.go:65.2,69.16 2 7
github.com/Donking-36/container-log-platform/internal/config/config.go:69.16,71.3 1 1
github.com/Donking-36/container-log-platform/internal/config/config.go:73.2,77.16 2 6
github.com/Donking-36/container-log-platform/internal/config/config.go:77.16,79.3 1 1
github.com/Donking-36/container-log-platform/internal/config/config.go:81.2,85.16 2 5
github.com/Donking-36/container-log-platform/internal/config/config.go:85.16,87.3 1 1
github.com/Donking-36/container-log-platform/internal/config/config.go:89.2,93.16 2 4
github.com/Donking-36/container-log-platform/internal/config/config.go:93.16,95.3 1 1
github.com/Donking-36/container-log-platform/internal/config/config.go:97.2,101.16 2 3
github.com/Donking-36/container-log-platform/internal/config/config.go:101.16,103.3 1 0
github.com/Donking-36/container-log-platform/internal/config/config.go:105.2,105.39 1 3
github.com/Donking-36/container-log-platform/internal/config/config.go:105.39,107.3 1 2
github.com/Donking-36/container-log-platform/internal/config/config.go:109.2,109.17 1 1
github.com/Donking-36/container-log-platform/internal/config/config.go:113.34,114.39 1 12
github.com/Donking-36/container-log-platform/internal/config/config.go:114.39,116.3 1 2
github.com/Donking-36/container-log-platform/internal/config/config.go:118.2,121.22 3 10
github.com/Donking-36/container-log-platform/internal/config/config.go:121.22,123.3 1 0
github.com/Donking-36/container-log-platform/internal/config/config.go:125.2,125.24 1 10
github.com/Donking-36/container-log-platform/internal/config/config.go:125.24,127.3 1 0
github.com/Donking-36/container-log-platform/internal/config/config.go:129.2,129.32 1 10
github.com/Donking-36/container-log-platform/internal/config/config.go:129.32,131.3 1 2
github.com/Donking-36/container-log-platform/internal/config/config.go:133.2,133.45 1 8
github.com/Donking-36/container-log-platform/internal/config/config.go:133.45,135.3 1 0
github.com/Donking-36/container-log-platform/internal/config/config.go:137.2,137.56 1 8
github.com/Donking-36/container-log-platform/internal/config/config.go:138.40,138.40 0 7
github.com/Donking-36/container-log-platform/internal/config/config.go:139.10,142.4 1 1
github.com/Donking-36/container-log-platform/internal/config/config.go:145.2,145.28 1 7
github.com/Donking-36/container-log-platform/internal/config/config.go:145.28,147.3 1 1
github.com/Donking-36/container-log-platform/internal/config/config.go:149.2,149.31 1 6
github.com/Donking-36/container-log-platform/internal/config/config.go:149.31,151.3 1 1
github.com/Donking-36/container-log-platform/internal/config/config.go:153.2,153.31 1 5
github.com/Donking-36/container-log-platform/internal/config/config.go:153.31,157.3 1 1
github.com/Donking-36/container-log-platform/internal/config/config.go:159.2,159.31 1 4
github.com/Donking-36/container-log-platform/internal/config/config.go:159.31,163.3 1 1
github.com/Donking-36/container-log-platform/internal/config/config.go:165.2,165.28 1 3
github.com/Donking-36/container-log-platform/internal/config/config.go:165.28,167.3 1 0
github.com/Donking-36/container-log-platform/internal/config/config.go:169.2,169.24 1 3
github.com/Donking-36/container-log-platform/internal/config/config.go:169.24,171.3 1 0
github.com/Donking-36/container-log-platform/internal/config/config.go:173.2,173.39 1 3
github.com/Donking-36/container-log-platform/internal/config/config.go:173.39,177.3 1 1
github.com/Donking-36/container-log-platform/internal/config/config.go:179.2,179.12 1 2
github.com/Donking-36/container-log-platform/internal/config/config.go:182.49,184.13 2 40
github.com/Donking-36/container-log-platform/internal/config/config.go:184.13,186.3 1 0
github.com/Donking-36/container-log-platform/internal/config/config.go:188.2,188.33 1 40
github.com/Donking-36/container-log-platform/internal/config/config.go:194.26,196.13 2 8
github.com/Donking-36/container-log-platform/internal/config/config.go:196.13,198.3 1 0
github.com/Donking-36/container-log-platform/internal/config/config.go:200.2,201.16 2 8
github.com/Donking-36/container-log-platform/internal/config/config.go:201.16,207.3 1 1
github.com/Donking-36/container-log-platform/internal/config/config.go:209.2,209.20 1 7
github.com/Donking-36/container-log-platform/internal/config/config.go:212.62,214.13 2 13
github.com/Donking-36/container-log-platform/internal/config/config.go:214.13,216.3 1 0
github.com/Donking-36/container-log-platform/internal/config/config.go:218.2,223.16 2 13
github.com/Donking-36/container-log-platform/internal/config/config.go:223.16,229.3 1 2
github.com/Donking-36/container-log-platform/internal/config/config.go:231.2,231.20 1 11
github.com/Donking-36/container-log-platform/internal/config/config.go:234.56,236.13 2 12
github.com/Donking-36/container-log-platform/internal/config/config.go:236.13,238.3 1 0
github.com/Donking-36/container-log-platform/internal/config/config.go:240.2,241.16 2 12
github.com/Donking-36/container-log-platform/internal/config/config.go:241.16,247.3 1 2
github.com/Donking-36/container-log-platform/internal/config/config.go:249.2,249.20 1 10
github.com/Donking-36/container-log-platform/internal/repository/log_query.go:16.42,18.2 1 1
github.com/Donking-36/container-log-platform/internal/repository/log_query.go:20.42,22.2 1 2
github.com/Donking-36/container-log-platform/internal/repository/log_query.go:24.43,26.2 1 1
github.com/Donking-36/container-log-platform/internal/repository/log_query.go:32.31,33.22 1 14
github.com/Donking-36/container-log-platform/internal/repository/log_query.go:33.22,37.3 1 2
github.com/Donking-36/container-log-platform/internal/repository/log_query.go:39.2,39.22 1 12
github.com/Donking-36/container-log-platform/internal/repository/log_query.go:39.22,43.3 1 1
github.com/Donking-36/container-log-platform/internal/repository/log_query.go:45.2,49.67 3 11
github.com/Donking-36/container-log-platform/internal/repository/log_query.go:49.67,55.56 2 10
github.com/Donking-36/container-log-platform/internal/repository/log_query.go:55.56,60.4 1 0
github.com/Donking-36/container-log-platform/internal/repository/log_query.go:62.3,62.17 1 10
github.com/Donking-36/container-log-platform/internal/repository/log_query.go:62.17,64.4 1 1
github.com/Donking-36/container-log-platform/internal/repository/log_query.go:66.3,78.22 2 9
github.com/Donking-36/container-log-platform/internal/repository/log_query.go:78.22,83.4 1 0
github.com/Donking-36/container-log-platform/internal/repository/log_query.go:85.3,85.13 1 9
github.com/Donking-36/container-log-platform/internal/repository/log_query.go:87.2,87.16 1 11
github.com/Donking-36/container-log-platform/internal/repository/log_query.go:87.16,92.3 1 1
github.com/Donking-36/container-log-platform/internal/repository/log_query.go:94.2,94.25 1 10
github.com/Donking-36/container-log-platform/internal/repository/log_query.go:101.22,102.13 1 4
github.com/Donking-36/container-log-platform/internal/repository/log_query.go:102.13,106.3 1 2
github.com/Donking-36/container-log-platform/internal/repository/log_query.go:108.2,111.21 2 2
github.com/Donking-36/container-log-platform/internal/repository/log_query.go:111.21,112.45 1 1
github.com/Donking-36/container-log-platform/internal/repository/log_query.go:112.45,116.4 1 1
github.com/Donking-36/container-log-platform/internal/repository/log_query.go:118.3,121.4 1 1
github.com/Donking-36/container-log-platform/internal/repository/log_query.go:124.2,124.22 1 1
github.com/Donking-36/container-log-platform/internal/repository/log_query.go:130.12,131.32 1 23
github.com/Donking-36/container-log-platform/internal/repository/log_query.go:131.32,136.3 1 7
github.com/Donking-36/container-log-platform/internal/repository/log_query.go:138.2,138.26 1 23
github.com/Donking-36/container-log-platform/internal/repository/log_query.go:138.26,140.3 1 6
github.com/Donking-36/container-log-platform/internal/repository/log_query.go:142.2,142.24 1 23
github.com/Donking-36/container-log-platform/internal/repository/log_query.go:142.24,144.3 1 6
github.com/Donking-36/container-log-platform/internal/repository/log_query.go:146.2,146.25 1 23
github.com/Donking-36/container-log-platform/internal/repository/log_query.go:146.25,151.3 1 5
github.com/Donking-36/container-log-platform/internal/repository/log_query.go:153.2,153.23 1 23
github.com/Donking-36/container-log-platform/internal/repository/log_query.go:153.23,158.3 1 5
github.com/Donking-36/container-log-platform/internal/repository/log_query.go:160.2,160.11 1 23
github.com/Donking-36/container-log-platform/internal/repository/log_query.go:166.9,169.34 2 4
github.com/Donking-36/container-log-platform/internal/repository/log_query.go:169.34,171.3 1 3
github.com/Donking-36/container-log-platform/internal/repository/log_query.go:173.2,175.3 1 1
github.com/Donking-36/container-log-platform/internal/repository/log_repository.go:19.48,21.2 1 0
github.com/Donking-36/container-log-platform/internal/repository/log_repository.go:23.48,25.2 1 4
github.com/Donking-36/container-log-platform/internal/repository/log_repository.go:27.50,29.2 1 5
github.com/Donking-36/container-log-platform/internal/repository/log_repository.go:42.60,43.15 1 14
github.com/Donking-36/container-log-platform/internal/repository/log_repository.go:43.15,47.3 1 0
github.com/Donking-36/container-log-platform/internal/repository/log_repository.go:49.2,51.8 1 14
github.com/Donking-36/container-log-platform/internal/repository/log_repository.go:58.18,59.20 1 16
github.com/Donking-36/container-log-platform/internal/repository/log_repository.go:59.20,61.3 1 1
github.com/Donking-36/container-log-platform/internal/repository/log_repository.go:63.2,66.29 2 15
github.com/Donking-36/container-log-platform/internal/repository/log_repository.go:66.29,68.3 1 43
github.com/Donking-36/container-log-platform/internal/repository/log_repository.go:70.2,79.25 2 15
github.com/Donking-36/container-log-platform/internal/repository/log_repository.go:79.25,81.3 1 1
github.com/Donking-36/container-log-platform/internal/repository/log_repository.go:83.2,83.33 1 14
github.com/Donking-36/container-log-platform/internal/repository/log_repository.go:86.42,92.34 2 6
github.com/Donking-36/container-log-platform/internal/repository/log_repository.go:92.34,94.3 1 2
github.com/Donking-36/container-log-platform/internal/repository/log_repository.go:96.2,98.3 1 4
github.com/Donking-36/container-log-platform/internal/repository/log_repository.go:101.45,103.33 2 10
github.com/Donking-36/container-log-platform/internal/repository/log_repository.go:103.33,105.3 1 4
github.com/Donking-36/container-log-platform/internal/repository/log_repository.go:108.2,111.36 2 6
github.com/Donking-36/container-log-platform/internal/repository/log_stats.go:13.34,26.16 3 2
github.com/Donking-36/container-log-platform/internal/repository/log_stats.go:26.16,31.3 1 0
github.com/Donking-36/container-log-platform/internal/repository/log_stats.go:33.2,33.19 1 2
github.com/Donking-36/container-log-platform/internal/repository/log_stats.go:40.36,53.16 3 2
github.com/Donking-36/container-log-platform/internal/repository/log_stats.go:53.16,58.3 1 0
github.com/Donking-36/container-log-platform/internal/repository/log_stats.go:60.2,60.19 1 2
github.com/Donking-36/container-log-platform/internal/repository/migration.go:12.33,13.15 1 17
github.com/Donking-36/container-log-platform/internal/repository/migration.go:13.15,17.3 1 1
github.com/Donking-36/container-log-platform/internal/repository/migration.go:19.2,19.53 1 16
github.com/Donking-36/container-log-platform/internal/repository/migration.go:19.53,21.3 1 0
github.com/Donking-36/container-log-platform/internal/repository/migration.go:23.2,23.12 1 16
github.com/Donking-36/container-log-platform/internal/repository/sqlite.go:21.48,23.16 2 19
github.com/Donking-36/container-log-platform/internal/repository/sqlite.go:23.16,25.3 1 1
github.com/Donking-36/container-log-platform/internal/repository/sqlite.go:27.2,28.54 2 18
github.com/Donking-36/container-log-platform/internal/repository/sqlite.go:28.54,33.3 1 0
github.com/Donking-36/container-log-platform/internal/repository/sqlite.go:35.2,51.16 3 18
github.com/Donking-36/container-log-platform/internal/repository/sqlite.go:51.16,53.3 1 0
github.com/Donking-36/container-log-platform/internal/repository/sqlite.go:55.2,56.16 2 18
github.com/Donking-36/container-log-platform/internal/repository/sqlite.go:56.16,61.3 1 0
github.com/Donking-36/container-log-platform/internal/repository/sqlite.go:63.2,66.37 3 18
github.com/Donking-36/container-log-platform/internal/repository/sqlite.go:66.37,70.3 2 0
github.com/Donking-36/container-log-platform/internal/repository/sqlite.go:72.2,72.16 1 18
github.com/Donking-36/container-log-platform/internal/service/ingestion_service.go:46.30,47.17 1 16
github.com/Donking-36/container-log-platform/internal/service/ingestion_service.go:47.17,51.3 1 1
github.com/Donking-36/container-log-platform/internal/service/ingestion_service.go:53.2,53.29 1 15
github.com/Donking-36/container-log-platform/internal/service/ingestion_service.go:53.29,58.3 1 1
github.com/Donking-36/container-log-platform/internal/service/ingestion_service.go:60.2,64.8 1 14
github.com/Donking-36/container-log-platform/internal/service/ingestion_service.go:71.25,77.16 2 27
github.com/Donking-36/container-log-platform/internal/service/ingestion_service.go:77.16,82.3 1 1
github.com/Donking-36/container-log-platform/internal/service/ingestion_service.go:84.2,88.16 2 26
github.com/Donking-36/container-log-platform/internal/service/ingestion_service.go:88.16,93.3 1 2
github.com/Donking-36/container-log-platform/internal/service/ingestion_service.go:95.2,95.34 1 24
github.com/Donking-36/container-log-platform/internal/service/ingestion_service.go:95.34,101.3 1 2
github.com/Donking-36/container-log-platform/internal/service/ingestion_service.go:103.2,108.8 1 22
github.com/Donking-36/container-log-platform/internal/service/ingestion_service.go:115.25,116.22 1 7
github.com/Donking-36/container-log-platform/internal/service/ingestion_service.go:116.22,118.3 1 1
github.com/Donking-36/container-log-platform/internal/service/ingestion_service.go:122.2,134.35 4 6
github.com/Donking-36/container-log-platform/internal/service/ingestion_service.go:134.35,140.17 2 209
github.com/Donking-36/container-log-platform/internal/service/ingestion_service.go:140.17,145.38 2 3
github.com/Donking-36/container-log-platform/internal/service/ingestion_service.go:145.38,147.13 2 3
github.com/Donking-36/container-log-platform/internal/service/ingestion_service.go:152.4,156.5 1 0
github.com/Donking-36/container-log-platform/internal/service/ingestion_service.go:159.3,159.35 1 206
github.com/Donking-36/container-log-platform/internal/service/ingestion_service.go:163.2,163.23 1 6
github.com/Donking-36/container-log-platform/internal/service/ingestion_service.go:163.23,165.3 1 1
github.com/Donking-36/container-log-platform/internal/service/ingestion_service.go:167.2,171.16 2 5
github.com/Donking-36/container-log-platform/internal/service/ingestion_service.go:171.16,178.3 1 2
github.com/Donking-36/container-log-platform/internal/service/ingestion_service.go:180.2,182.43 2 3
github.com/Donking-36/container-log-platform/internal/service/ingestion_service.go:182.43,189.3 1 0
github.com/Donking-36/container-log-platform/internal/service/ingestion_service.go:191.2,194.20 3 3
github.com/Donking-36/container-log-platform/internal/service/query_service.go:73.26,74.17 1 32
github.com/Donking-36/container-log-platform/internal/service/query_service.go:74.17,78.3 1 1
github.com/Donking-36/container-log-platform/internal/service/query_service.go:80.2,80.26 1 31
github.com/Donking-36/container-log-platform/internal/service/query_service.go:80.26,85.3 1 1
github.com/Donking-36/container-log-platform/internal/service/query_service.go:87.2,87.22 1 30
github.com/Donking-36/container-log-platform/internal/service/query_service.go:87.22,92.3 1 1
github.com/Donking-36/container-log-platform/internal/service/query_service.go:94.2,94.35 1 29
github.com/Donking-36/container-log-platform/internal/service/query_service.go:94.35,99.3 1 1
github.com/Donking-36/container-log-platform/internal/service/query_service.go:101.2,105.8 1 28
github.com/Donking-36/container-log-platform/internal/service/query_service.go:112.27,117.16 2 21
github.com/Donking-36/container-log-platform/internal/service/query_service.go:117.16,119.3 1 6
github.com/Donking-36/container-log-platform/internal/service/query_service.go:121.2,124.53 3 15
github.com/Donking-36/container-log-platform/internal/service/query_service.go:124.53,129.3 1 1
github.com/Donking-36/container-log-platform/internal/service/query_service.go:131.2,146.16 3 14
github.com/Donking-36/container-log-platform/internal/service/query_service.go:146.16,151.3 1 2
github.com/Donking-36/container-log-platform/internal/service/query_service.go:153.2,155.28 1 12
github.com/Donking-36/container-log-platform/internal/service/query_service.go:155.28,164.3 1 3
github.com/Donking-36/container-log-platform/internal/service/query_service.go:167.2,174.8 2 9
github.com/Donking-36/container-log-platform/internal/service/query_service.go:181.22,182.13 1 6
github.com/Donking-36/container-log-platform/internal/service/query_service.go:182.13,187.3 1 2
github.com/Donking-36/container-log-platform/internal/service/query_service.go:189.2,190.16 2 4
github.com/Donking-36/container-log-platform/internal/service/query_service.go:190.16,192.3 1 1
github.com/Donking-36/container-log-platform/internal/service/query_service.go:194.2,198.54 2 3
github.com/Donking-36/container-log-platform/internal/service/query_service.go:198.54,203.3 1 1
github.com/Donking-36/container-log-platform/internal/service/query_service.go:205.2,208.3 1 3
github.com/Donking-36/container-log-platform/internal/service/query_service.go:214.26,216.22 2 21
github.com/Donking-36/container-log-platform/internal/service/query_service.go:216.22,218.3 1 6
github.com/Donking-36/container-log-platform/internal/service/query_service.go:220.2,220.15 1 21
github.com/Donking-36/container-log-platform/internal/service/query_service.go:220.15,225.3 1 2
github.com/Donking-36/container-log-platform/internal/service/query_service.go:227.2,228.26 2 19
github.com/Donking-36/container-log-platform/internal/service/query_service.go:228.26,230.3 1 7
github.com/Donking-36/container-log-platform/internal/service/query_service.go:232.2,232.19 1 19
github.com/Donking-36/container-log-platform/internal/service/query_service.go:232.19,237.3 1 2
github.com/Donking-36/container-log-platform/internal/service/query_service.go:239.2,239.30 1 17
github.com/Donking-36/container-log-platform/internal/service/query_service.go:239.30,245.3 1 1
github.com/Donking-36/container-log-platform/internal/service/query_service.go:247.2,248.30 2 16
github.com/Donking-36/container-log-platform/internal/service/query_service.go:248.30,253.3 1 1
github.com/Donking-36/container-log-platform/internal/service/query_service.go:255.2,255.51 1 15
github.com/Donking-36/container-log-platform/internal/service/query_service.go:258.47,261.15 2 19
github.com/Donking-36/container-log-platform/internal/service/query_service.go:262.10,263.12 1 14
github.com/Donking-36/container-log-platform/internal/service/query_service.go:264.51,265.15 1 4
github.com/Donking-36/container-log-platform/internal/service/query_service.go:266.10,267.19 1 1
github.com/Donking-36/container-log-platform/internal/service/query_service.go:271.50,272.18 1 42
github.com/Donking-36/container-log-platform/internal/service/query_service.go:272.18,274.3 1 32
github.com/Donking-36/container-log-platform/internal/service/query_service.go:276.2,278.13 2 10
github.com/Donking-36/container-log-platform/internal/service/repository_error.go:21.9,23.57 2 10
github.com/Donking-36/container-log-platform/internal/service/repository_error.go:23.57,28.3 1 5
github.com/Donking-36/container-log-platform/internal/service/repository_error.go:30.2,30.45 1 10
github.com/Donking-36/container-log-platform/internal/service/stats_service.go:63.26,64.17 1 6
github.com/Donking-36/container-log-platform/internal/service/stats_service.go:64.17,68.3 1 1
github.com/Donking-36/container-log-platform/internal/service/stats_service.go:70.2,72.8 1 5
github.com/Donking-36/container-log-platform/internal/service/stats_service.go:79.29,81.16 2 4
github.com/Donking-36/container-log-platform/internal/service/stats_service.go:81.16,83.3 1 1
github.com/Donking-36/container-log-platform/internal/service/stats_service.go:85.2,86.16 2 3
github.com/Donking-36/container-log-platform/internal/service/stats_service.go:86.16,91.3 1 1
github.com/Donking-36/container-log-platform/internal/service/stats_service.go:93.2,94.30 2 2
github.com/Donking-36/container-log-platform/internal/service/stats_service.go:94.30,96.3 1 3
github.com/Donking-36/container-log-platform/internal/service/stats_service.go:98.2,99.30 2 2
github.com/Donking-36/container-log-platform/internal/service/stats_service.go:99.30,108.3 1 3
github.com/Donking-36/container-log-platform/internal/service/stats_service.go:110.2,113.8 1 2
github.com/Donking-36/container-log-platform/internal/service/stats_service.go:120.31,122.16 2 2
github.com/Donking-36/container-log-platform/internal/service/stats_service.go:122.16,124.3 1 0
github.com/Donking-36/container-log-platform/internal/service/stats_service.go:126.2,127.16 2 2
github.com/Donking-36/container-log-platform/internal/service/stats_service.go:127.16,132.3 1 0
github.com/Donking-36/container-log-platform/internal/service/stats_service.go:134.2,135.30 2 2
github.com/Donking-36/container-log-platform/internal/service/stats_service.go:135.30,137.3 1 2
github.com/Donking-36/container-log-platform/internal/service/stats_service.go:140.2,145.8 2 2
github.com/Donking-36/container-log-platform/internal/service/stats_service.go:150.28,154.53 3 6
github.com/Donking-36/container-log-platform/internal/service/stats_service.go:154.53,159.3 1 1
github.com/Donking-36/container-log-platform/internal/service/stats_service.go:161.2,169.8 1 5
github.com/Donking-36/container-log-platform/internal/service/stats_service.go:175.11,176.16 1 6
github.com/Donking-36/container-log-platform/internal/service/stats_service.go:176.16,178.3 1 1
github.com/Donking-36/container-log-platform/internal/service/stats_service.go:180.2,183.39 2 5
github.com/Donking-36/container-log-platform/internal/middleware/recovery.go:13.52,14.19 1 1
github.com/Donking-36/container-log-platform/internal/middleware/recovery.go:14.19,16.3 1 0
github.com/Donking-36/container-log-platform/internal/middleware/recovery.go:18.2,18.30 1 1
github.com/Donking-36/container-log-platform/internal/middleware/recovery.go:18.30,19.16 1 1
github.com/Donking-36/container-log-platform/internal/middleware/recovery.go:19.16,21.24 2 1
github.com/Donking-36/container-log-platform/internal/middleware/recovery.go:21.24,23.5 1 0
github.com/Donking-36/container-log-platform/internal/middleware/recovery.go:25.4,41.26 4 1
github.com/Donking-36/container-log-platform/internal/middleware/recovery.go:41.26,44.5 2 0
github.com/Donking-36/container-log-platform/internal/middleware/recovery.go:46.4,52.5 2 1
github.com/Donking-36/container-log-platform/internal/middleware/recovery.go:55.3,55.11 1 1
github.com/Donking-36/container-log-platform/internal/middleware/request_id.go:21.34,22.30 1 4
github.com/Donking-36/container-log-platform/internal/middleware/request_id.go:22.30,26.47 2 5
github.com/Donking-36/container-log-platform/internal/middleware/request_id.go:26.47,28.4 1 4
github.com/Donking-36/container-log-platform/internal/middleware/request_id.go:30.3,33.11 3 5
github.com/Donking-36/container-log-platform/internal/middleware/request_id.go:38.50,40.13 2 8
github.com/Donking-36/container-log-platform/internal/middleware/request_id.go:40.13,42.3 1 1
github.com/Donking-36/container-log-platform/internal/middleware/request_id.go:44.2,45.9 2 7
github.com/Donking-36/container-log-platform/internal/middleware/request_id.go:45.9,47.3 1 0
github.com/Donking-36/container-log-platform/internal/middleware/request_id.go:49.2,49.18 1 7
github.com/Donking-36/container-log-platform/internal/middleware/request_logger.go:19.3,20.26 1 2
github.com/Donking-36/container-log-platform/internal/middleware/request_logger.go:20.26,22.3 1 0
github.com/Donking-36/container-log-platform/internal/middleware/request_logger.go:24.2,35.35 6 2
github.com/Donking-36/container-log-platform/internal/middleware/request_logger.go:39.57,40.19 1 2
github.com/Donking-36/container-log-platform/internal/middleware/request_logger.go:40.19,42.3 1 0
github.com/Donking-36/container-log-platform/internal/middleware/request_logger.go:44.2,44.30 1 2
github.com/Donking-36/container-log-platform/internal/middleware/request_logger.go:44.30,50.17 4 2
github.com/Donking-36/container-log-platform/internal/middleware/request_logger.go:50.17,52.4 1 0
github.com/Donking-36/container-log-platform/internal/middleware/request_logger.go:54.3,74.61 3 2
github.com/Donking-36/container-log-platform/internal/middleware/request_logger.go:74.61,75.51 1 2
github.com/Donking-36/container-log-platform/internal/middleware/request_logger.go:75.51,77.5 1 2
github.com/Donking-36/container-log-platform/internal/middleware/request_logger.go:80.3,80.24 1 2
github.com/Donking-36/container-log-platform/internal/middleware/request_logger.go:80.24,85.4 1 2
github.com/Donking-36/container-log-platform/internal/middleware/request_logger.go:87.3,88.10 2 2
github.com/Donking-36/container-log-platform/internal/middleware/request_logger.go:89.49,90.27 1 1
github.com/Donking-36/container-log-platform/internal/middleware/request_logger.go:91.40,92.26 1 0
github.com/Donking-36/container-log-platform/internal/middleware/request_logger.go:93.26,96.26 1 1
github.com/Donking-36/container-log-platform/internal/middleware/request_logger.go:99.3,104.4 1 2
github.com/Donking-36/container-log-platform/internal/middleware/request_logger.go:108.47,112.16 3 7
github.com/Donking-36/container-log-platform/internal/middleware/request_logger.go:112.16,113.41 1 5
github.com/Donking-36/container-log-platform/internal/middleware/request_logger.go:113.41,115.4 1 4
github.com/Donking-36/container-log-platform/internal/middleware/request_logger.go:117.3,117.12 1 1
github.com/Donking-36/container-log-platform/internal/middleware/request_logger.go:120.2,121.41 2 2
github.com/Donking-36/container-log-platform/internal/middleware/request_logger.go:121.41,123.3 1 1
github.com/Donking-36/container-log-platform/internal/middleware/request_logger.go:125.2,125.11 1 1
github.com/Donking-36/container-log-platform/internal/middleware/response.go:27.3,40.2 2 1
github.com/Donking-36/container-log-platform/internal/handler/ingestion.go:43.30,44.29 1 18
github.com/Donking-36/container-log-platform/internal/handler/ingestion.go:44.29,48.3 1 1
github.com/Donking-36/container-log-platform/internal/handler/ingestion.go:50.2,50.30 1 17
github.com/Donking-36/container-log-platform/internal/handler/ingestion.go:50.30,55.3 1 1
github.com/Donking-36/container-log-platform/internal/handler/ingestion.go:57.2,57.25 1 16
github.com/Donking-36/container-log-platform/internal/handler/ingestion.go:57.25,62.3 1 1
github.com/Donking-36/container-log-platform/internal/handler/ingestion.go:64.2,68.8 1 15
github.com/Donking-36/container-log-platform/internal/handler/ingestion.go:72.54,82.16 4 10
github.com/Donking-36/container-log-platform/internal/handler/ingestion.go:82.16,85.3 2 5
github.com/Donking-36/container-log-platform/internal/handler/ingestion.go:87.2,91.16 2 5
github.com/Donking-36/container-log-platform/internal/handler/ingestion.go:91.16,95.5 1 3
github.com/Donking-36/container-log-platform/internal/handler/ingestion.go:95.5,104.4 3 1
github.com/Donking-36/container-log-platform/internal/handler/ingestion.go:106.3,108.37 2 2
github.com/Donking-36/container-log-platform/internal/handler/ingestion.go:108.37,125.4 5 1
github.com/Donking-36/container-log-platform/internal/handler/ingestion.go:127.3,134.9 3 1
github.com/Donking-36/container-log-platform/internal/handler/ingestion.go:137.2,138.26 2 2
github.com/Donking-36/container-log-platform/internal/handler/ingestion.go:138.26,141.3 1 1
github.com/Donking-36/container-log-platform/internal/handler/ingestion.go:143.2,144.43 2 2
github.com/Donking-36/container-log-platform/internal/handler/ingestion.go:148.56,158.16 4 5
github.com/Donking-36/container-log-platform/internal/handler/ingestion.go:158.16,161.3 2 0
github.com/Donking-36/container-log-platform/internal/handler/ingestion.go:163.2,163.36 1 5
github.com/Donking-36/container-log-platform/internal/handler/ingestion.go:163.36,174.3 2 1
github.com/Donking-36/container-log-platform/internal/handler/ingestion.go:176.2,180.16 2 4
github.com/Donking-36/container-log-platform/internal/handler/ingestion.go:180.16,181.44 1 2
github.com/Donking-36/container-log-platform/internal/handler/ingestion.go:181.44,190.4 3 1
github.com/Donking-36/container-log-platform/internal/handler/ingestion.go:192.3,195.5 1 1
github.com/Donking-36/container-log-platform/internal/handler/ingestion.go:195.5,204.4 3 1
github.com/Donking-36/container-log-platform/internal/handler/ingestion.go:206.3,208.37 2 0
github.com/Donking-36/container-log-platform/internal/handler/ingestion.go:208.37,217.4 3 0
github.com/Donking-36/container-log-platform/internal/handler/ingestion.go:219.3,226.9 3 0
github.com/Donking-36/container-log-platform/internal/handler/ingestion.go:230.2,231.25 2 2
github.com/Donking-36/container-log-platform/internal/handler/ingestion.go:231.25,236.3 1 2
github.com/Donking-36/container-log-platform/internal/handler/ingestion.go:238.2,242.3 1 2
github.com/Donking-36/container-log-platform/internal/handler/ingestion.go:249.9,259.52 4 15
github.com/Donking-36/container-log-platform/internal/handler/ingestion.go:259.52,261.3 1 4
github.com/Donking-36/container-log-platform/internal/handler/ingestion.go:264.2,267.28 3 11
github.com/Donking-36/container-log-platform/internal/handler/ingestion.go:267.28,269.3 1 10
github.com/Donking-36/container-log-platform/internal/handler/ingestion.go:271.2,271.16 1 1
github.com/Donking-36/container-log-platform/internal/handler/ingestion.go:271.16,275.3 1 1
github.com/Donking-36/container-log-platform/internal/handler/ingestion.go:277.2,280.3 1 0
github.com/Donking-36/container-log-platform/internal/handler/ingestion.go:286.3,289.34 2 5
github.com/Donking-36/container-log-platform/internal/handler/ingestion.go:289.34,298.3 3 1
github.com/Donking-36/container-log-platform/internal/handler/ingestion.go:300.2,306.3 2 4
github.com/Donking-36/container-log-platform/internal/handler/ingestion.go:325.3,335.2 1 5
github.com/Donking-36/container-log-platform/internal/handler/ingestion.go:340.3,348.2 1 5
github.com/Donking-36/container-log-platform/internal/handler/ingestion.go:350.43,355.2 1 15
github.com/Donking-36/container-log-platform/internal/handler/query.go:42.26,43.25 1 32
github.com/Donking-36/container-log-platform/internal/handler/query.go:43.25,47.3 1 1
github.com/Donking-36/container-log-platform/internal/handler/query.go:49.2,51.8 1 31
github.com/Donking-36/container-log-platform/internal/handler/query.go:55.49,57.16 2 20
github.com/Donking-36/container-log-platform/internal/handler/query.go:57.16,65.3 2 2
github.com/Donking-36/container-log-platform/internal/handler/query.go:67.2,68.16 2 18
github.com/Donking-36/container-log-platform/internal/handler/query.go:68.16,76.3 2 10
github.com/Donking-36/container-log-platform/internal/handler/query.go:78.2,82.16 2 8
github.com/Donking-36/container-log-platform/internal/handler/query.go:82.16,85.3 2 4
github.com/Donking-36/container-log-platform/internal/handler/query.go:87.2,88.39 2 4
github.com/Donking-36/container-log-platform/internal/handler/query.go:88.39,90.3 1 2
github.com/Donking-36/container-log-platform/internal/handler/query.go:92.2,107.4 2 4
github.com/Donking-36/container-log-platform/internal/handler/query.go:111.47,113.16 2 11
github.com/Donking-36/container-log-platform/internal/handler/query.go:113.16,121.3 2 4
github.com/Donking-36/container-log-platform/internal/handler/query.go:123.2,127.16 2 7
github.com/Donking-36/container-log-platform/internal/handler/query.go:127.16,130.3 2 4
github.com/Donking-36/container-log-platform/internal/handler/query.go:132.2,133.16 2 3
github.com/Donking-36/container-log-platform/internal/handler/query.go:133.16,142.3 3 1
github.com/Donking-36/container-log-platform/internal/handler/query.go:144.2,153.4 2 2
github.com/Donking-36/container-log-platform/internal/handler/query.go:206.53,222.2 1 2
github.com/Donking-36/container-log-platform/internal/handler/query.go:226.26,229.30 2 3
github.com/Donking-36/container-log-platform/internal/handler/query.go:229.30,231.27 2 2
github.com/Donking-36/container-log-platform/internal/handler/query.go:231.27,235.4 1 1
github.com/Donking-36/container-log-platform/internal/handler/query.go:237.3,237.54 1 1
github.com/Donking-36/container-log-platform/internal/handler/query.go:240.2,255.8 1 2
github.com/Donking-36/container-log-platform/internal/handler/query.go:260.34,261.60 1 18
github.com/Donking-36/container-log-platform/internal/handler/query.go:261.60,263.3 1 2
github.com/Donking-36/container-log-platform/internal/handler/query.go:265.2,266.16 2 16
github.com/Donking-36/container-log-platform/internal/handler/query.go:266.16,268.3 1 2
github.com/Donking-36/container-log-platform/internal/handler/query.go:270.2,271.16 2 14
github.com/Donking-36/container-log-platform/internal/handler/query.go:271.16,273.3 1 1
github.com/Donking-36/container-log-platform/internal/handler/query.go:275.2,276.16 2 13
github.com/Donking-36/container-log-platform/internal/handler/query.go:276.16,278.3 1 4
github.com/Donking-36/container-log-platform/internal/handler/query.go:280.2,284.16 2 9
github.com/Donking-36/container-log-platform/internal/handler/query.go:284.16,286.3 1 1
github.com/Donking-36/container-log-platform/internal/handler/query.go:288.2,296.8 1 8
github.com/Donking-36/container-log-platform/internal/handler/query.go:299.59,310.31 3 18
github.com/Donking-36/container-log-platform/internal/handler/query.go:310.31,312.3 1 126
github.com/Donking-36/container-log-platform/internal/handler/query.go:314.2,314.27 1 18
github.com/Donking-36/container-log-platform/internal/handler/query.go:314.27,315.45 1 17
github.com/Donking-36/container-log-platform/internal/handler/query.go:315.45,317.4 1 1
github.com/Donking-36/container-log-platform/internal/handler/query.go:320.2,320.31 1 17
github.com/Donking-36/container-log-platform/internal/handler/query.go:320.31,322.14 2 118
github.com/Donking-36/container-log-platform/internal/handler/query.go:322.14,323.12 1 102
github.com/Donking-36/container-log-platform/internal/handler/query.go:326.3,326.24 1 16
github.com/Donking-36/container-log-platform/internal/handler/query.go:326.24,331.4 1 1
github.com/Donking-36/container-log-platform/internal/handler/query.go:334.2,334.12 1 16
github.com/Donking-36/container-log-platform/internal/handler/query.go:340.23,342.13 2 45
github.com/Donking-36/container-log-platform/internal/handler/query.go:342.13,344.3 1 37
github.com/Donking-36/container-log-platform/internal/handler/query.go:346.2,347.17 2 8
github.com/Donking-36/container-log-platform/internal/handler/query.go:347.17,352.3 1 1
github.com/Donking-36/container-log-platform/internal/handler/query.go:354.2,355.16 2 7
github.com/Donking-36/container-log-platform/internal/handler/query.go:355.16,360.3 1 3
github.com/Donking-36/container-log-platform/internal/handler/query.go:362.2,362.21 1 4
github.com/Donking-36/container-log-platform/internal/handler/query.go:368.17,370.13 2 22
github.com/Donking-36/container-log-platform/internal/handler/query.go:370.13,372.3 1 15
github.com/Donking-36/container-log-platform/internal/handler/query.go:374.2,377.30 2 7
github.com/Donking-36/container-log-platform/internal/handler/query.go:377.30,382.3 1 5
github.com/Donking-36/container-log-platform/internal/handler/query.go:384.2,384.20 1 2
github.com/Donking-36/container-log-platform/internal/handler/query.go:387.54,393.27 2 11
github.com/Donking-36/container-log-platform/internal/handler/query.go:393.27,395.3 1 4
github.com/Donking-36/container-log-platform/internal/handler/query.go:397.2,397.16 1 7
github.com/Donking-36/container-log-platform/internal/handler/query.go:403.3,406.9 2 11
github.com/Donking-36/container-log-platform/internal/handler/query.go:407.51,413.4 1 2
github.com/Donking-36/container-log-platform/internal/handler/query.go:415.43,421.4 1 2
github.com/Donking-36/container-log-platform/internal/handler/query.go:422.46,428.4 1 1
github.com/Donking-36/container-log-platform/internal/handler/query.go:429.57,435.4 1 3
github.com/Donking-36/container-log-platform/internal/handler/query.go:436.10,442.4 1 3
github.com/Donking-36/container-log-platform/internal/handler/stats.go:37.26,38.25 1 11
github.com/Donking-36/container-log-platform/internal/handler/stats.go:38.25,42.3 1 1
github.com/Donking-36/container-log-platform/internal/handler/stats.go:44.2,46.8 1 10
github.com/Donking-36/container-log-platform/internal/handler/stats.go:50.54,54.16 2 9
github.com/Donking-36/container-log-platform/internal/handler/stats.go:54.16,62.3 2 4
github.com/Donking-36/container-log-platform/internal/handler/stats.go:64.2,68.16 2 5
github.com/Donking-36/container-log-platform/internal/handler/stats.go:68.16,71.3 2 3
github.com/Donking-36/container-log-platform/internal/handler/stats.go:73.2,78.36 2 2
github.com/Donking-36/container-log-platform/internal/handler/stats.go:78.36,84.3 1 2
github.com/Donking-36/container-log-platform/internal/handler/stats.go:86.2,100.4 2 2
github.com/Donking-36/container-log-platform/internal/handler/stats.go:104.56,108.16 2 2
github.com/Donking-36/container-log-platform/internal/handler/stats.go:108.16,116.3 2 0
github.com/Donking-36/container-log-platform/internal/handler/stats.go:118.2,122.16 2 2
github.com/Donking-36/container-log-platform/internal/handler/stats.go:122.16,125.3 2 0
github.com/Donking-36/container-log-platform/internal/handler/stats.go:127.2,132.36 2 2
github.com/Donking-36/container-log-platform/internal/handler/stats.go:132.36,137.3 1 2
github.com/Donking-36/container-log-platform/internal/handler/stats.go:139.2,153.4 2 2
github.com/Donking-36/container-log-platform/internal/handler/stats.go:181.31,183.16 2 11
github.com/Donking-36/container-log-platform/internal/handler/stats.go:183.16,187.3 1 1
github.com/Donking-36/container-log-platform/internal/handler/stats.go:189.2,189.32 1 10
github.com/Donking-36/container-log-platform/internal/handler/stats.go:194.31,195.61 1 10
github.com/Donking-36/container-log-platform/internal/handler/stats.go:195.61,197.3 1 2
github.com/Donking-36/container-log-platform/internal/handler/stats.go:200.2,201.16 2 8
github.com/Donking-36/container-log-platform/internal/handler/stats.go:201.16,203.3 1 1
github.com/Donking-36/container-log-platform/internal/handler/stats.go:205.2,206.16 2 7
github.com/Donking-36/container-log-platform/internal/handler/stats.go:206.16,208.3 1 0
github.com/Donking-36/container-log-platform/internal/handler/stats.go:210.2,216.8 1 7
github.com/Donking-36/container-log-platform/internal/handler/stats.go:221.9,234.31 3 10
github.com/Donking-36/container-log-platform/internal/handler/stats.go:234.31,236.3 1 50
github.com/Donking-36/container-log-platform/internal/handler/stats.go:239.2,239.27 1 10
github.com/Donking-36/container-log-platform/internal/handler/stats.go:239.27,240.45 1 8
github.com/Donking-36/container-log-platform/internal/handler/stats.go:240.45,244.4 1 1
github.com/Donking-36/container-log-platform/internal/handler/stats.go:248.2,248.31 1 9
github.com/Donking-36/container-log-platform/internal/handler/stats.go:248.31,250.14 2 43
github.com/Donking-36/container-log-platform/internal/handler/stats.go:250.14,251.12 1 36
github.com/Donking-36/container-log-platform/internal/handler/stats.go:254.3,254.24 1 7
github.com/Donking-36/container-log-platform/internal/handler/stats.go:254.24,259.4 1 1
github.com/Donking-36/container-log-platform/internal/handler/stats.go:262.2,262.12 1 8
github.com/Donking-36/container-log-platform/internal/server/readiness.go:17.14,21.2 1 21
github.com/Donking-36/container-log-platform/internal/server/readiness.go:24.42,25.14 1 21
github.com/Donking-36/container-log-platform/internal/server/readiness.go:25.14,27.3 1 0
github.com/Donking-36/container-log-platform/internal/server/readiness.go:29.2,29.33 1 21
github.com/Donking-36/container-log-platform/internal/server/readiness.go:33.53,34.44 1 31
github.com/Donking-36/container-log-platform/internal/server/readiness.go:34.44,36.3 1 11
github.com/Donking-36/container-log-platform/internal/server/readiness.go:38.2,38.30 1 20
github.com/Donking-36/container-log-platform/internal/server/readiness.go:38.30,40.3 1 1
github.com/Donking-36/container-log-platform/internal/server/readiness.go:42.2,42.38 1 19
github.com/Donking-36/container-log-platform/internal/server/router.go:40.24,41.23 1 13
github.com/Donking-36/container-log-platform/internal/server/router.go:41.23,45.3 1 1
github.com/Donking-36/container-log-platform/internal/server/router.go:47.2,47.25 1 12
github.com/Donking-36/container-log-platform/internal/server/router.go:47.25,51.3 1 1
github.com/Donking-36/container-log-platform/internal/server/router.go:53.2,53.22 1 11
github.com/Donking-36/container-log-platform/internal/server/router.go:53.22,57.3 1 1
github.com/Donking-36/container-log-platform/internal/server/router.go:59.2,61.46 2 10
github.com/Donking-36/container-log-platform/internal/server/router.go:61.46,65.3 1 1
github.com/Donking-36/container-log-platform/internal/server/router.go:67.2,67.45 1 10
github.com/Donking-36/container-log-platform/internal/server/router.go:67.45,68.44 1 3
github.com/Donking-36/container-log-platform/internal/server/router.go:68.44,76.4 2 2
github.com/Donking-36/container-log-platform/internal/server/router.go:78.3,80.5 1 1
github.com/Donking-36/container-log-platform/internal/server/router.go:83.2,105.20 6 10
github.com/Donking-36/container-log-platform/internal/server/router.go:113.24,114.23 1 7
github.com/Donking-36/container-log-platform/internal/server/router.go:114.23,118.3 1 1
github.com/Donking-36/container-log-platform/internal/server/router.go:120.2,120.22 1 6
github.com/Donking-36/container-log-platform/internal/server/router.go:120.22,124.3 1 1
github.com/Donking-36/container-log-platform/internal/server/router.go:126.2,140.20 5 5
github.com/Donking-36/container-log-platform/internal/server/router.go:143.49,152.2 3 15
github.com/Donking-36/container-log-platform/internal/server/router.go:154.57,155.30 1 15
github.com/Donking-36/container-log-platform/internal/server/router.go:155.30,156.43 1 16
github.com/Donking-36/container-log-platform/internal/server/router.go:156.43,159.4 2 12
github.com/Donking-36/container-log-platform/internal/server/router.go:161.3,167.12 2 4
github.com/Donking-36/container-log-platform/internal/server/servers.go:38.12,52.2 1 2
github.com/Donking-36/container-log-platform/internal/server/servers.go:57.16,66.2 1 4
github.com/Donking-36/container-log-platform/internal/server/servers.go:69.50,71.16 2 2
github.com/Donking-36/container-log-platform/internal/server/servers.go:71.16,77.3 1 1
github.com/Donking-36/container-log-platform/internal/server/servers.go:79.2,80.16 2 1
github.com/Donking-36/container-log-platform/internal/server/servers.go:80.16,91.3 2 0
github.com/Donking-36/container-log-platform/internal/server/servers.go:94.2,94.15 1 1
github.com/Donking-36/container-log-platform/internal/server/servers.go:94.15,97.3 2 1
github.com/Donking-36/container-log-platform/internal/server/servers.go:99.2,120.9 7 1
github.com/Donking-36/container-log-platform/internal/server/servers.go:121.20,125.4 1 1
github.com/Donking-36/container-log-platform/internal/server/servers.go:126.24,126.24 0 0
github.com/Donking-36/container-log-platform/internal/server/servers.go:129.2,133.24 3 1
github.com/Donking-36/container-log-platform/internal/server/servers.go:133.24,138.3 1 1
github.com/Donking-36/container-log-platform/internal/server/servers.go:140.2,140.41 1 1
github.com/Donking-36/container-log-platform/internal/server/servers.go:148.3,158.42 3 2
github.com/Donking-36/container-log-platform/internal/server/servers.go:158.42,161.3 2 2
github.com/Donking-36/container-log-platform/internal/server/servers.go:163.2,163.61 1 0
github.com/Donking-36/container-log-platform/internal/server/servers.go:166.36,175.12 4 1
github.com/Donking-36/container-log-platform/internal/server/servers.go:175.12,177.3 1 1
github.com/Donking-36/container-log-platform/internal/server/servers.go:179.2,179.12 1 1
github.com/Donking-36/container-log-platform/internal/server/servers.go:179.12,181.3 1 1
github.com/Donking-36/container-log-platform/internal/server/servers.go:183.2,187.24 2 1
github.com/Donking-36/container-log-platform/internal/server/servers.go:187.24,189.3 1 1
github.com/Donking-36/container-log-platform/internal/server/servers.go:191.2,202.3 2 0
github.com/Donking-36/container-log-platform/internal/model/log.go:30.31,32.2 1 0
github.com/Donking-36/container-log-platform/test/performance/query_benchmark.go:128.13,130.16 2 0
github.com/Donking-36/container-log-platform/test/performance/query_benchmark.go:130.16,133.3 2 0
github.com/Donking-36/container-log-platform/test/performance/query_benchmark.go:135.2,136.16 2 0
github.com/Donking-36/container-log-platform/test/performance/query_benchmark.go:136.16,139.3 2 0
github.com/Donking-36/container-log-platform/test/performance/query_benchmark.go:141.2,144.47 3 0
github.com/Donking-36/container-log-platform/test/performance/query_benchmark.go:144.47,147.3 2 0
github.com/Donking-36/container-log-platform/test/performance/query_benchmark.go:149.2,149.20 1 0
github.com/Donking-36/container-log-platform/test/performance/query_benchmark.go:149.20,151.3 1 0
github.com/Donking-36/container-log-platform/test/performance/query_benchmark.go:154.36,201.9 10 0
github.com/Donking-36/container-log-platform/test/performance/query_benchmark.go:202.24,203.67 1 0
github.com/Donking-36/container-log-platform/test/performance/query_benchmark.go:204.50,207.4 1 0
github.com/Donking-36/container-log-platform/test/performance/query_benchmark.go:208.28,211.4 1 0
github.com/Donking-36/container-log-platform/test/performance/query_benchmark.go:212.25,215.4 1 0
github.com/Donking-36/container-log-platform/test/performance/query_benchmark.go:218.2,218.59 1 0
github.com/Donking-36/container-log-platform/test/performance/query_benchmark.go:218.59,226.3 1 0
github.com/Donking-36/container-log-platform/test/performance/query_benchmark.go:228.2,228.64 1 0
github.com/Donking-36/container-log-platform/test/performance/query_benchmark.go:228.64,230.3 1 0
github.com/Donking-36/container-log-platform/test/performance/query_benchmark.go:232.2,232.62 1 0
github.com/Donking-36/container-log-platform/test/performance/query_benchmark.go:232.62,234.3 1 0
github.com/Donking-36/container-log-platform/test/performance/query_benchmark.go:236.2,236.17 1 0
github.com/Donking-36/container-log-platform/test/performance/query_benchmark.go:239.38,250.16 4 0
github.com/Donking-36/container-log-platform/test/performance/query_benchmark.go:250.16,252.3 1 0
github.com/Donking-36/container-log-platform/test/performance/query_benchmark.go:254.2,255.16 2 0
github.com/Donking-36/container-log-platform/test/performance/query_benchmark.go:255.16,257.3 1 0
github.com/Donking-36/container-log-platform/test/performance/query_benchmark.go:259.2,259.69 1 0
github.com/Donking-36/container-log-platform/test/performance/query_benchmark.go:259.69,261.3 1 0
github.com/Donking-36/container-log-platform/test/performance/query_benchmark.go:263.2,295.20 9 0
github.com/Donking-36/container-log-platform/test/performance/query_benchmark.go:298.46,302.2 1 0
github.com/Donking-36/container-log-platform/test/performance/query_benchmark.go:304.56,315.2 5 0
github.com/Donking-36/container-log-platform/test/performance/query_benchmark.go:320.23,323.65 2 0
github.com/Donking-36/container-log-platform/test/performance/query_benchmark.go:323.65,327.45 3 0
github.com/Donking-36/container-log-platform/test/performance/query_benchmark.go:327.45,329.4 1 0
github.com/Donking-36/container-log-platform/test/performance/query_benchmark.go:331.3,332.17 2 0
github.com/Donking-36/container-log-platform/test/performance/query_benchmark.go:332.17,338.4 1 0
github.com/Donking-36/container-log-platform/test/performance/query_benchmark.go:340.3,343.44 4 0
github.com/Donking-36/container-log-platform/test/performance/query_benchmark.go:346.2,348.24 1 0
github.com/Donking-36/container-log-platform/test/performance/query_benchmark.go:348.24,355.3 1 0
github.com/Donking-36/container-log-platform/test/performance/query_benchmark.go:357.2,357.20 1 0
github.com/Donking-36/container-log-platform/test/performance/query_benchmark.go:360.41,388.2 6 0
github.com/Donking-36/container-log-platform/test/performance/query_benchmark.go:394.30,396.16 2 0
github.com/Donking-36/container-log-platform/test/performance/query_benchmark.go:396.16,401.3 1 0
github.com/Donking-36/container-log-platform/test/performance/query_benchmark.go:403.2,408.16 2 0
github.com/Donking-36/container-log-platform/test/performance/query_benchmark.go:408.16,413.3 1 0
github.com/Donking-36/container-log-platform/test/performance/query_benchmark.go:414.2,417.16 3 0
github.com/Donking-36/container-log-platform/test/performance/query_benchmark.go:417.16,422.3 1 0
github.com/Donking-36/container-log-platform/test/performance/query_benchmark.go:423.2,428.16 3 0
github.com/Donking-36/container-log-platform/test/performance/query_benchmark.go:428.16,433.3 1 0
github.com/Donking-36/container-log-platform/test/performance/query_benchmark.go:435.2,435.42 1 0
github.com/Donking-36/container-log-platform/test/performance/query_benchmark.go:435.42,441.3 1 0
github.com/Donking-36/container-log-platform/test/performance/query_benchmark.go:443.2,444.63 2 0
github.com/Donking-36/container-log-platform/test/performance/query_benchmark.go:444.63,449.3 1 0
github.com/Donking-36/container-log-platform/test/performance/query_benchmark.go:451.2,451.41 1 0
github.com/Donking-36/container-log-platform/test/performance/query_benchmark.go:451.41,457.3 1 0
github.com/Donking-36/container-log-platform/test/performance/query_benchmark.go:459.2,459.21 1 0
github.com/Donking-36/container-log-platform/test/performance/query_benchmark.go:462.65,464.16 2 0
github.com/Donking-36/container-log-platform/test/performance/query_benchmark.go:464.16,466.3 1 0
github.com/Donking-36/container-log-platform/test/performance/query_benchmark.go:468.2,483.31 10 0
github.com/Donking-36/container-log-platform/test/performance/query_benchmark.go:490.9,492.16 2 0
github.com/Donking-36/container-log-platform/test/performance/query_benchmark.go:492.16,494.3 1 0
github.com/Donking-36/container-log-platform/test/performance/query_benchmark.go:495.2,497.42 2 0
github.com/Donking-36/container-log-platform/test/performance/query_benchmark.go:497.42,505.3 2 0
github.com/Donking-36/container-log-platform/test/performance/query_benchmark.go:507.2,508.72 2 0
github.com/Donking-36/container-log-platform/test/performance/query_benchmark.go:508.72,513.3 1 0
github.com/Donking-36/container-log-platform/test/performance/query_benchmark.go:515.2,515.28 1 0
github.com/Donking-36/container-log-platform/test/performance/query_benchmark.go:515.28,519.3 1 0
github.com/Donking-36/container-log-platform/test/performance/query_benchmark.go:521.2,522.29 2 0
github.com/Donking-36/container-log-platform/test/performance/query_benchmark.go:522.29,525.26 2 0
github.com/Donking-36/container-log-platform/test/performance/query_benchmark.go:525.26,527.4 1 0
github.com/Donking-36/container-log-platform/test/performance/query_benchmark.go:530.2,530.47 1 0
github.com/Donking-36/container-log-platform/test/performance/query_benchmark.go:530.47,536.3 1 0
github.com/Donking-36/container-log-platform/test/performance/query_benchmark.go:538.2,541.36 2 0
github.com/Donking-36/container-log-platform/test/performance/query_benchmark.go:541.36,543.17 2 0
github.com/Donking-36/container-log-platform/test/performance/query_benchmark.go:543.17,548.4 1 0
github.com/Donking-36/container-log-platform/test/performance/query_benchmark.go:550.3,553.29 1 0
github.com/Donking-36/container-log-platform/test/performance/query_benchmark.go:553.29,558.4 1 0
github.com/Donking-36/container-log-platform/test/performance/query_benchmark.go:561.2,561.12 1 0
github.com/Donking-36/container-log-platform/test/performance/query_benchmark.go:569.15,577.24 6 0
github.com/Donking-36/container-log-platform/test/performance/query_benchmark.go:577.24,578.13 1 0
github.com/Donking-36/container-log-platform/test/performance/query_benchmark.go:578.13,581.4 2 0
github.com/Donking-36/container-log-platform/test/performance/query_benchmark.go:584.2,592.30 7 0
github.com/Donking-36/container-log-platform/test/performance/query_benchmark.go:592.30,596.3 3 0
github.com/Donking-36/container-log-platform/test/performance/query_benchmark.go:598.2,606.18 3 0
github.com/Donking-36/container-log-platform/test/performance/query_benchmark.go:606.18,612.3 3 0
github.com/Donking-36/container-log-platform/test/performance/query_benchmark.go:614.2,614.24 1 0
github.com/Donking-36/container-log-platform/test/performance/query_benchmark.go:614.24,620.3 5 0
github.com/Donking-36/container-log-platform/test/performance/query_benchmark.go:622.2,622.15 1 0
github.com/Donking-36/container-log-platform/test/performance/query_benchmark.go:629.16,632.34 2 0
github.com/Donking-36/container-log-platform/test/performance/query_benchmark.go:632.34,638.17 4 0
github.com/Donking-36/container-log-platform/test/performance/query_benchmark.go:638.17,644.12 4 0
github.com/Donking-36/container-log-platform/test/performance/query_benchmark.go:647.3,656.20 5 0
github.com/Donking-36/container-log-platform/test/performance/query_benchmark.go:656.20,658.4 1 0
github.com/Donking-36/container-log-platform/test/performance/query_benchmark.go:661.2,661.15 1 0
github.com/Donking-36/container-log-platform/test/performance/query_benchmark.go:664.67,665.28 1 0
github.com/Donking-36/container-log-platform/test/performance/query_benchmark.go:665.28,667.3 1 0
github.com/Donking-36/container-log-platform/test/performance/query_benchmark.go:669.2,674.28 3 0
github.com/Donking-36/container-log-platform/cmd/api/main.go:20.13,26.2 2 0
github.com/Donking-36/container-log-platform/cmd/api/main.go:28.35,34.16 3 0
github.com/Donking-36/container-log-platform/cmd/api/main.go:34.16,41.3 2 0
github.com/Donking-36/container-log-platform/cmd/api/main.go:43.2,44.16 2 0
github.com/Donking-36/container-log-platform/cmd/api/main.go:44.16,51.3 2 0
github.com/Donking-36/container-log-platform/cmd/api/main.go:53.2,54.16 2 0
github.com/Donking-36/container-log-platform/cmd/api/main.go:54.16,61.3 2 0
github.com/Donking-36/container-log-platform/cmd/api/main.go:63.2,63.15 1 0
github.com/Donking-36/container-log-platform/cmd/api/main.go:63.15,64.39 1 0
github.com/Donking-36/container-log-platform/cmd/api/main.go:64.39,70.4 1 0
github.com/Donking-36/container-log-platform/cmd/api/main.go:73.2,73.51 1 0
github.com/Donking-36/container-log-platform/cmd/api/main.go:73.51,80.3 2 0
github.com/Donking-36/container-log-platform/cmd/api/main.go:82.2,83.16 2 0
github.com/Donking-36/container-log-platform/cmd/api/main.go:83.16,90.3 2 0
github.com/Donking-36/container-log-platform/cmd/api/main.go:92.2,96.16 2 0
github.com/Donking-36/container-log-platform/cmd/api/main.go:96.16,103.3 2 0
github.com/Donking-36/container-log-platform/cmd/api/main.go:105.2,110.16 2 0
github.com/Donking-36/container-log-platform/cmd/api/main.go:110.16,117.3 2 0
github.com/Donking-36/container-log-platform/cmd/api/main.go:119.2,124.16 2 0
github.com/Donking-36/container-log-platform/cmd/api/main.go:124.16,131.3 2 0
github.com/Donking-36/container-log-platform/cmd/api/main.go:133.2,136.16 2 0
github.com/Donking-36/container-log-platform/cmd/api/main.go:136.16,143.3 2 0
github.com/Donking-36/container-log-platform/cmd/api/main.go:144.2,147.16 2 0
github.com/Donking-36/container-log-platform/cmd/api/main.go:147.16,154.3 2 0
github.com/Donking-36/container-log-platform/cmd/api/main.go:156.2,159.16 2 0
github.com/Donking-36/container-log-platform/cmd/api/main.go:159.16,166.3 2 0
github.com/Donking-36/container-log-platform/cmd/api/main.go:167.2,175.16 3 0
github.com/Donking-36/container-log-platform/cmd/api/main.go:175.16,182.3 2 0
github.com/Donking-36/container-log-platform/cmd/api/main.go:184.2,189.16 2 0
github.com/Donking-36/container-log-platform/cmd/api/main.go:189.16,196.3 2 0
github.com/Donking-36/container-log-platform/cmd/api/main.go:198.2,222.45 5 0
github.com/Donking-36/container-log-platform/cmd/api/main.go:222.45,229.3 2 0
github.com/Donking-36/container-log-platform/cmd/api/main.go:231.2,236.10 2 0
github.com/Donking-36/container-log-platform/test/e2e/verify_events.go:60.13,62.16 2 0
github.com/Donking-36/container-log-platform/test/e2e/verify_events.go:62.16,65.3 2 0
github.com/Donking-36/container-log-platform/test/e2e/verify_events.go:67.2,68.16 2 0
github.com/Donking-36/container-log-platform/test/e2e/verify_events.go:68.16,71.3 2 0
github.com/Donking-36/container-log-platform/test/e2e/verify_events.go:73.2,76.47 3 0
github.com/Donking-36/container-log-platform/test/e2e/verify_events.go:76.47,79.3 2 0
github.com/Donking-36/container-log-platform/test/e2e/verify_events.go:82.36,130.41 12 0
github.com/Donking-36/container-log-platform/test/e2e/verify_events.go:130.41,132.3 1 0
github.com/Donking-36/container-log-platform/test/e2e/verify_events.go:134.2,134.23 1 0
github.com/Donking-36/container-log-platform/test/e2e/verify_events.go:134.23,138.3 1 0
github.com/Donking-36/container-log-platform/test/e2e/verify_events.go:140.2,142.36 1 0
github.com/Donking-36/container-log-platform/test/e2e/verify_events.go:142.36,146.3 1 0
github.com/Donking-36/container-log-platform/test/e2e/verify_events.go:148.2,148.22 1 0
github.com/Donking-36/container-log-platform/test/e2e/verify_events.go:148.22,152.3 1 0
github.com/Donking-36/container-log-platform/test/e2e/verify_events.go:154.2,155.16 2 0
github.com/Donking-36/container-log-platform/test/e2e/verify_events.go:155.16,157.3 1 0
github.com/Donking-36/container-log-platform/test/e2e/verify_events.go:159.2,160.16 2 0
github.com/Donking-36/container-log-platform/test/e2e/verify_events.go:160.16,162.3 1 0
github.com/Donking-36/container-log-platform/test/e2e/verify_events.go:164.2,164.22 1 0
github.com/Donking-36/container-log-platform/test/e2e/verify_events.go:164.22,166.3 1 0
github.com/Donking-36/container-log-platform/test/e2e/verify_events.go:168.2,171.17 3 0
github.com/Donking-36/container-log-platform/test/e2e/verify_events.go:176.31,181.6 4 0
github.com/Donking-36/container-log-platform/test/e2e/verify_events.go:181.6,183.17 2 0
github.com/Donking-36/container-log-platform/test/e2e/verify_events.go:183.17,184.34 1 0
github.com/Donking-36/container-log-platform/test/e2e/verify_events.go:184.34,186.5 1 0
github.com/Donking-36/container-log-platform/test/e2e/verify_events.go:188.4,189.12 2 0
github.com/Donking-36/container-log-platform/test/e2e/verify_events.go:192.3,193.17 2 0
github.com/Donking-36/container-log-platform/test/e2e/verify_events.go:193.17,195.4 1 0
github.com/Donking-36/container-log-platform/test/e2e/verify_events.go:197.3,198.15 2 0
github.com/Donking-36/container-log-platform/test/e2e/verify_events.go:198.15,200.4 1 0
github.com/Donking-36/container-log-platform/test/e2e/verify_events.go:202.3,202.33 1 0
github.com/Donking-36/container-log-platform/test/e2e/verify_events.go:202.33,209.4 1 0
github.com/Donking-36/container-log-platform/test/e2e/verify_events.go:211.3,211.26 1 0
github.com/Donking-36/container-log-platform/test/e2e/verify_events.go:215.35,223.2 3 0
github.com/Donking-36/container-log-platform/test/e2e/verify_events.go:228.22,235.6 6 0
github.com/Donking-36/container-log-platform/test/e2e/verify_events.go:235.6,237.17 2 0
github.com/Donking-36/container-log-platform/test/e2e/verify_events.go:237.17,239.4 1 0
github.com/Donking-36/container-log-platform/test/e2e/verify_events.go:241.3,242.17 2 0
github.com/Donking-36/container-log-platform/test/e2e/verify_events.go:242.17,244.4 1 0
github.com/Donking-36/container-log-platform/test/e2e/verify_events.go:246.3,251.21 3 0
github.com/Donking-36/container-log-platform/test/e2e/verify_events.go:251.21,257.4 1 0
github.com/Donking-36/container-log-platform/test/e2e/verify_events.go:258.3,258.22 1 0
github.com/Donking-36/container-log-platform/test/e2e/verify_events.go:258.22,264.4 1 0
github.com/Donking-36/container-log-platform/test/e2e/verify_events.go:266.3,266.43 1 0
github.com/Donking-36/container-log-platform/test/e2e/verify_events.go:266.43,273.4 1 0
github.com/Donking-36/container-log-platform/test/e2e/verify_events.go:275.3,276.56 2 0
github.com/Donking-36/container-log-platform/test/e2e/verify_events.go:276.56,282.4 1 0
github.com/Donking-36/container-log-platform/test/e2e/verify_events.go:284.3,285.44 1 0
github.com/Donking-36/container-log-platform/test/e2e/verify_events.go:285.44,292.4 1 0
github.com/Donking-36/container-log-platform/test/e2e/verify_events.go:294.3,294.26 1 0
github.com/Donking-36/container-log-platform/test/e2e/verify_events.go:294.26,296.4 1 0
github.com/Donking-36/container-log-platform/test/e2e/verify_events.go:296.9,296.55 1 0
github.com/Donking-36/container-log-platform/test/e2e/verify_events.go:296.55,302.4 1 0
github.com/Donking-36/container-log-platform/test/e2e/verify_events.go:304.3,304.37 1 0
github.com/Donking-36/container-log-platform/test/e2e/verify_events.go:304.37,305.45 1 0
github.com/Donking-36/container-log-platform/test/e2e/verify_events.go:305.45,310.5 1 0
github.com/Donking-36/container-log-platform/test/e2e/verify_events.go:312.4,312.23 1 0
github.com/Donking-36/container-log-platform/test/e2e/verify_events.go:312.23,313.56 1 0
github.com/Donking-36/container-log-platform/test/e2e/verify_events.go:313.56,315.6 1 0
github.com/Donking-36/container-log-platform/test/e2e/verify_events.go:318.4,320.35 3 0
github.com/Donking-36/container-log-platform/test/e2e/verify_events.go:323.3,324.35 1 0
github.com/Donking-36/container-log-platform/test/e2e/verify_events.go:324.35,325.9 1 0
github.com/Donking-36/container-log-platform/test/e2e/verify_events.go:328.3,329.18 2 0
github.com/Donking-36/container-log-platform/test/e2e/verify_events.go:329.18,333.4 1 0
github.com/Donking-36/container-log-platform/test/e2e/verify_events.go:336.2,336.33 1 0
github.com/Donking-36/container-log-platform/test/e2e/verify_events.go:336.33,342.3 1 0
github.com/Donking-36/container-log-platform/test/e2e/verify_events.go:344.2,345.29 2 0
github.com/Donking-36/container-log-platform/test/e2e/verify_events.go:345.29,346.56 1 0
github.com/Donking-36/container-log-platform/test/e2e/verify_events.go:346.56,348.4 1 0
github.com/Donking-36/container-log-platform/test/e2e/verify_events.go:351.2,351.22 1 0
github.com/Donking-36/container-log-platform/test/e2e/verify_events.go:354.59,359.16 2 0
github.com/Donking-36/container-log-platform/test/e2e/verify_events.go:359.16,365.3 1 0
github.com/Donking-36/container-log-platform/test/e2e/verify_events.go:367.2,371.16 2 0
github.com/Donking-36/container-log-platform/test/e2e/verify_events.go:371.16,377.3 1 0
github.com/Donking-36/container-log-platform/test/e2e/verify_events.go:379.2,381.31 1 0
github.com/Donking-36/container-log-platform/test/e2e/verify_events.go:381.31,387.3 1 0
github.com/Donking-36/container-log-platform/test/e2e/verify_events.go:389.2,389.12 1 0
github.com/Donking-36/container-log-platform/test/e2e/verify_events.go:392.57,394.16 2 0
github.com/Donking-36/container-log-platform/test/e2e/verify_events.go:394.16,396.3 1 0
github.com/Donking-36/container-log-platform/test/e2e/verify_events.go:398.2,406.31 8 0
github.com/Donking-36/container-log-platform/test/e2e/verify_events.go:412.37,421.31 2 0
github.com/Donking-36/container-log-platform/test/e2e/verify_events.go:421.31,428.3 1 0
github.com/Donking-36/container-log-platform/test/e2e/verify_events.go:430.2,433.29 3 0
github.com/Donking-36/container-log-platform/test/e2e/verify_events.go:433.29,437.35 1 0
github.com/Donking-36/container-log-platform/test/e2e/verify_events.go:437.35,442.4 1 0
github.com/Donking-36/container-log-platform/test/e2e/verify_events.go:444.3,445.17 2 0
github.com/Donking-36/container-log-platform/test/e2e/verify_events.go:445.17,451.4 1 0
github.com/Donking-36/container-log-platform/test/e2e/verify_events.go:453.3,453.60 1 0
github.com/Donking-36/container-log-platform/test/e2e/verify_events.go:453.60,458.4 1 0
github.com/Donking-36/container-log-platform/test/e2e/verify_events.go:460.3,460.52 1 0
github.com/Donking-36/container-log-platform/test/e2e/verify_events.go:460.52,462.4 1 0
github.com/Donking-36/container-log-platform/test/e2e/verify_events.go:464.3,466.50 3 0
github.com/Donking-36/container-log-platform/test/e2e/verify_events.go:469.2,471.31 2 0
github.com/Donking-36/container-log-platform/test/e2e/verify_events.go:471.31,473.3 1 0
github.com/Donking-36/container-log-platform/test/e2e/verify_events.go:475.2,476.39 1 0
github.com/Donking-36/container-log-platform/test/e2e/verify_events.go:476.39,483.3 1 0
github.com/Donking-36/container-log-platform/test/e2e/verify_events.go:485.2,487.51 1 0
github.com/Donking-36/container-log-platform/test/e2e/verify_events.go:487.51,494.3 1 0
github.com/Donking-36/container-log-platform/test/e2e/verify_events.go:496.2,498.26 2 0
github.com/Donking-36/container-log-platform/test/e2e/verify_events.go:501.47,509.13 3 0
github.com/Donking-36/container-log-platform/test/e2e/verify_events.go:509.13,515.3 1 0
github.com/Donking-36/container-log-platform/test/e2e/verify_events.go:517.2,517.33 1 0
github.com/Donking-36/container-log-platform/test/e2e/verify_events.go:517.33,525.3 1 0
github.com/Donking-36/container-log-platform/test/e2e/verify_events.go:527.2,527.12 1 0
